

Fri Oct  1 12:55:40 2021
Command line: TestDisk

TestDisk 7.1, Data Recovery Utility, July 2019
Christophe GRENIER <grenier@cgsecurity.org>
https://www.cgsecurity.org
OS: Linux, kernel 5.11.0-37-generic (#41-Ubuntu SMP Mon Sep 20 16:39:20 UTC 2021) x86_64
Compiler: GCC 9.2
ext2fs lib: 1.45.7, ntfs lib: libntfs-3g, reiserfs lib: none, ewf lib: none, curses lib: ncurses 6.1
Warning: can't get size for Disk /dev/mapper/control - 0 B - 0 sectors, sector size=512
Warning: can't get size for Disk /dev/loop4 - 0 B - 0 sectors (RO), sector size=512
Hard disk list
Disk /dev/mapper/nvme0n1p3_crypt - 1022 GB / 952 GiB - 1997826048 sectors, sector size=512
Disk /dev/mapper/vgubuntu-root - 998 GB / 930 GiB - 1951121408 sectors, sector size=512
Disk /dev/mapper/vgubuntu-swap_1 - 1023 MB / 976 MiB - 1998848 sectors, sector size=512
Disk /dev/dm-0 - 1022 GB / 952 GiB - 1997826048 sectors, sector size=512
Disk /dev/dm-1 - 998 GB / 930 GiB - 1951121408 sectors, sector size=512
Disk /dev/dm-2 - 1023 MB / 976 MiB - 1998848 sectors, sector size=512
Disk /dev/loop0 - 298 MB / 285 MiB - 583776 sectors (RO), sector size=512
Disk /dev/loop1 - 298 MB / 285 MiB - 583776 sectors (RO), sector size=512
Disk /dev/loop10 - 149 MB / 142 MiB - 292312 sectors (RO), sector size=512
Disk /dev/loop11 - 290 MB / 276 MiB - 566592 sectors (RO), sector size=512
Disk /dev/loop12 - 104 MB / 99 MiB - 203456 sectors (RO), sector size=512
Disk /dev/loop13 - 122 MB / 116 MiB - 238456 sectors (RO), sector size=512
Disk /dev/loop14 - 516 MB / 492 MiB - 1008784 sectors (RO), sector size=512
Disk /dev/loop15 - 229 MB / 219 MiB - 448512 sectors (RO), sector size=512
Disk /dev/loop16 - 229 MB / 218 MiB - 448496 sectors (RO), sector size=512
Disk /dev/loop17 - 33 MB / 32 MiB - 66152 sectors (RO), sector size=512
Disk /dev/loop18 - 183 MB / 175 MiB - 359152 sectors (RO), sector size=512
Disk /dev/loop19 - 169 MB / 161 MiB - 331624 sectors (RO), sector size=512
Disk /dev/loop2 - 4096 B - 8 sectors (RO), sector size=512
Disk /dev/loop20 - 193 MB / 184 MiB - 378520 sectors (RO), sector size=512
Disk /dev/loop21 - 560 MB / 534 MiB - 1095344 sectors (RO), sector size=512
Disk /dev/loop22 - 560 MB / 534 MiB - 1094808 sectors (RO), sector size=512
Disk /dev/loop23 - 16 MB / 15 MiB - 31264 sectors (RO), sector size=512
Disk /dev/loop24 - 309 MB / 295 MiB - 605408 sectors (RO), sector size=512
Disk /dev/loop25 - 50 MB / 47 MiB - 97864 sectors (RO), sector size=512
Disk /dev/loop26 - 169 MB / 162 MiB - 331880 sectors (RO), sector size=512
Disk /dev/loop27 - 157 MB / 150 MiB - 307544 sectors (RO), sector size=512
Disk /dev/loop28 - 64 MB / 61 MiB - 126424 sectors (RO), sector size=512
Disk /dev/loop29 - 53 MB / 50 MiB - 104360 sectors (RO), sector size=512
Disk /dev/loop3 - 37 MB / 35 MiB - 72816 sectors (RO), sector size=512
Disk /dev/loop30 - 170 MB / 162 MiB - 333552 sectors (RO), sector size=512
Disk /dev/loop31 - 163 MB / 155 MiB - 319000 sectors (RO), sector size=512
Disk /dev/loop32 - 205 MB / 195 MiB - 400520 sectors (RO), sector size=512
Disk /dev/loop33 - 68 MB / 65 MiB - 133552 sectors (RO), sector size=512
Disk /dev/loop34 - 68 MB / 65 MiB - 133320 sectors (RO), sector size=512
Disk /dev/loop35 - 254 MB / 242 MiB - 496320 sectors (RO), sector size=512
Disk /dev/loop36 - 516 MB / 492 MiB - 1008984 sectors (RO), sector size=512
Disk /dev/loop37 - 253 MB / 241 MiB - 494312 sectors (RO), sector size=512
Disk /dev/loop38 - 983 KB / 960 KiB - 1920 sectors (RO), sector size=512
Disk /dev/loop39 - 68 MB / 65 MiB - 133936 sectors (RO), sector size=512
Disk /dev/loop40 - 310 MB / 295 MiB - 605624 sectors (RO), sector size=512
Disk /dev/loop41 - 21 MB / 20 MiB - 41592 sectors (RO), sector size=512
Disk /dev/loop42 - 172 MB / 164 MiB - 337424 sectors (RO), sector size=512
Disk /dev/loop43 - 476 MB / 454 MiB - 930920 sectors (RO), sector size=512
Disk /dev/loop44 - 53 MB / 50 MiB - 104360 sectors (RO), sector size=512
Disk /dev/loop45 - 339 MB / 323 MiB - 662544 sectors (RO), sector size=512
Disk /dev/loop46 - 273 MB / 260 MiB - 533936 sectors (RO), sector size=512
Disk /dev/loop47 - 10 MB / 10 MiB - 21080 sectors (RO), sector size=512
Disk /dev/loop48 - 476 MB / 454 MiB - 930632 sectors (RO), sector size=512
Disk /dev/loop49 - 33 MB / 32 MiB - 66168 sectors (RO), sector size=512
Disk /dev/loop5 - 58 MB / 55 MiB - 113544 sectors (RO), sector size=512
Disk /dev/loop50 - 122 MB / 116 MiB - 238552 sectors (RO), sector size=512
Disk /dev/loop51 - 281 MB / 268 MiB - 550376 sectors (RO), sector size=512
Disk /dev/loop52 - 64 MB / 61 MiB - 126504 sectors (RO), sector size=512
Disk /dev/loop53 - 163 MB / 156 MiB - 319568 sectors (RO), sector size=512
Disk /dev/loop54 - 104 MB / 99 MiB - 203424 sectors (RO), sector size=512
Disk /dev/loop6 - 149 MB / 142 MiB - 292320 sectors (RO), sector size=512
Disk /dev/loop7 - 37 MB / 35 MiB - 72800 sectors (RO), sector size=512
Disk /dev/loop8 - 88 MB / 84 MiB - 173784 sectors (RO), sector size=512
Disk /dev/loop9 - 58 MB / 55 MiB - 113536 sectors (RO), sector size=512
Disk /dev/nvme0n1 - 1024 GB / 953 GiB - CHS 976762 64 32, sector size=512

Partition table type (auto): None
Disk /dev/mapper/nvme0n1p3_crypt - 1022 GB / 952 GiB
Partition table type: None

Interface Advanced

LVM2 magic value at 0/0/1
part_size 1997826048

LVM2 magic value at 0/0/1
   P Linux LVM2                     0 1997826047 1997826048
     LVM2, 1022 GB / 952 GiB
Incomplete image created.

Analyse Disk /dev/mapper/nvme0n1p3_crypt - 1022 GB / 952 GiB - 1997826048 sectors

LVM2 magic value at 0/0/1
part_size 1997826048

LVM2 magic value at 0/0/1
Current partition structure:
   P Linux LVM2                     0 1997826047 1997826048

search_part()
Disk /dev/mapper/nvme0n1p3_crypt - 1022 GB / 952 GiB - 1997826048 sectors

LVM2 magic value at 0/0/1
part_size 1997826048
     Linux LVM2                     0 1997826047 1997826048
     LVM2, 1022 GB / 952 GiB

Results
   P Linux LVM2                     0 1997826047 1997826048
     LVM2, 1022 GB / 952 GiB

Hint for advanced users: dmsetup may be used if you prefer to avoid rewriting the partition table for the moment:
echo "0 1997826048 linear /dev/mapper/nvme0n1p3_crypt 0" | dmsetup create test0

interface_write()
   P Linux LVM2                     0 1997826047 1997826048
 
Write isn't available because the partition table type "None" has been selected.
SIGHUP detected! TestDisk has been killed.
